// Jest Snapshot v1, https://goo.gl/fbAQLP

exports[`Testing CategoryDrop.js rendering when the user has not dropped a category CategoryDrop renders correctly 1`] = `
<View
  style={
    Object {
      "backgroundColor": "#ffd394",
      "flex": 1,
    }
  }
>
  <View
    style={
      Array [
        Object {
          "height": "10%",
        },
        Object {
          "alignItems": "center",
          "justifyContent": "center",
        },
      ]
    }
  >
    <Text
      style={
        Object {
          "color": "black",
          "fontSize": 20,
        }
      }
      testID="INSTRUCTIONS"
    >
      Drop the subject you are least interested in.
    </Text>
  </View>
  <View
    style={
      Object {
        "flexDirection": "row",
        "flexWrap": "wrap",
        "height": "90%",
        "padding": 5,
      }
    }
  >
    <View
      accessible={true}
      focusable={true}
      onClick={[Function]}
      onResponderGrant={[Function]}
      onResponderMove={[Function]}
      onResponderRelease={[Function]}
      onResponderTerminate={[Function]}
      onResponderTerminationRequest={[Function]}
      onStartShouldSetResponder={[Function]}
      style={
        Object {
          "height": "20%",
          "opacity": 1,
          "padding": 10,
          "width": "50%",
        }
      }
      testID="SOCIAL_BUTTON"
    >
      <View
        style={
          Array [
            Object {
              "backgroundColor": "white",
              "borderRadius": 10,
              "flex": 1,
            },
            Object {
              "elevation": 5,
              "marginVertical": 5,
              "shadowColor": "#000",
              "shadowOffset": Object {
                "height": 2,
                "width": 0,
              },
              "shadowOpacity": 0.25,
              "shadowRadius": 3.84,
            },
            Object {
              "alignItems": "center",
              "justifyContent": "center",
            },
          ]
        }
      >
        <Text
          style={
            Object {
              "color": "black",
              "fontSize": 20,
            }
          }
        >
          Social
        </Text>
      </View>
    </View>
    <View
      accessible={true}
      focusable={true}
      onClick={[Function]}
      onResponderGrant={[Function]}
      onResponderMove={[Function]}
      onResponderRelease={[Function]}
      onResponderTerminate={[Function]}
      onResponderTerminationRequest={[Function]}
      onStartShouldSetResponder={[Function]}
      style={
        Object {
          "height": "20%",
          "opacity": 1,
          "padding": 10,
          "width": "50%",
        }
      }
      testID="ACADEMIC_BUTTON"
    >
      <View
        style={
          Array [
            Object {
              "backgroundColor": "white",
              "borderRadius": 10,
              "flex": 1,
            },
            Object {
              "elevation": 5,
              "marginVertical": 5,
              "shadowColor": "#000",
              "shadowOffset": Object {
                "height": 2,
                "width": 0,
              },
              "shadowOpacity": 0.25,
              "shadowRadius": 3.84,
            },
            Object {
              "alignItems": "center",
              "justifyContent": "center",
            },
          ]
        }
      >
        <Text
          style={
            Object {
              "color": "black",
              "fontSize": 20,
            }
          }
        >
          Academic
        </Text>
      </View>
    </View>
    <View
      accessible={true}
      focusable={true}
      onClick={[Function]}
      onResponderGrant={[Function]}
      onResponderMove={[Function]}
      onResponderRelease={[Function]}
      onResponderTerminate={[Function]}
      onResponderTerminationRequest={[Function]}
      onStartShouldSetResponder={[Function]}
      style={
        Object {
          "height": "20%",
          "opacity": 1,
          "padding": 10,
          "width": "50%",
        }
      }
      testID="MOOD_BUTTON"
    >
      <View
        style={
          Array [
            Object {
              "backgroundColor": "white",
              "borderRadius": 10,
              "flex": 1,
            },
            Object {
              "elevation": 5,
              "marginVertical": 5,
              "shadowColor": "#000",
              "shadowOffset": Object {
                "height": 2,
                "width": 0,
              },
              "shadowOpacity": 0.25,
              "shadowRadius": 3.84,
            },
            Object {
              "alignItems": "center",
              "justifyContent": "center",
            },
          ]
        }
      >
        <Text
          style={
            Object {
              "color": "black",
              "fontSize": 20,
            }
          }
        >
          Mood
        </Text>
      </View>
    </View>
    <View
      accessible={true}
      focusable={true}
      onClick={[Function]}
      onResponderGrant={[Function]}
      onResponderMove={[Function]}
      onResponderRelease={[Function]}
      onResponderTerminate={[Function]}
      onResponderTerminationRequest={[Function]}
      onStartShouldSetResponder={[Function]}
      style={
        Object {
          "height": "20%",
          "opacity": 1,
          "padding": 10,
          "width": "50%",
        }
      }
      testID="HEALTH_BUTTON"
    >
      <View
        style={
          Array [
            Object {
              "backgroundColor": "white",
              "borderRadius": 10,
              "flex": 1,
            },
            Object {
              "elevation": 5,
              "marginVertical": 5,
              "shadowColor": "#000",
              "shadowOffset": Object {
                "height": 2,
                "width": 0,
              },
              "shadowOpacity": 0.25,
              "shadowRadius": 3.84,
            },
            Object {
              "alignItems": "center",
              "justifyContent": "center",
            },
          ]
        }
      >
        <Text
          style={
            Object {
              "color": "black",
              "fontSize": 20,
            }
          }
        >
          Health
        </Text>
      </View>
    </View>
    <View
      accessible={true}
      focusable={true}
      onClick={[Function]}
      onResponderGrant={[Function]}
      onResponderMove={[Function]}
      onResponderRelease={[Function]}
      onResponderTerminate={[Function]}
      onResponderTerminationRequest={[Function]}
      onStartShouldSetResponder={[Function]}
      style={
        Object {
          "height": "20%",
          "opacity": 1,
          "padding": 10,
          "width": "50%",
        }
      }
      testID="HOBBIES_BUTTON"
    >
      <View
        style={
          Array [
            Object {
              "backgroundColor": "white",
              "borderRadius": 10,
              "flex": 1,
            },
            Object {
              "elevation": 5,
              "marginVertical": 5,
              "shadowColor": "#000",
              "shadowOffset": Object {
                "height": 2,
                "width": 0,
              },
              "shadowOpacity": 0.25,
              "shadowRadius": 3.84,
            },
            Object {
              "alignItems": "center",
              "justifyContent": "center",
            },
          ]
        }
      >
        <Text
          style={
            Object {
              "color": "black",
              "fontSize": 20,
            }
          }
        >
          Hobbies
        </Text>
      </View>
    </View>
    <View
      accessible={true}
      focusable={true}
      onClick={[Function]}
      onResponderGrant={[Function]}
      onResponderMove={[Function]}
      onResponderRelease={[Function]}
      onResponderTerminate={[Function]}
      onResponderTerminationRequest={[Function]}
      onStartShouldSetResponder={[Function]}
      style={
        Object {
          "height": "20%",
          "opacity": 1,
          "padding": 10,
          "width": "50%",
        }
      }
      testID="FAMILY_BUTTON"
    >
      <View
        style={
          Array [
            Object {
              "backgroundColor": "white",
              "borderRadius": 10,
              "flex": 1,
            },
            Object {
              "elevation": 5,
              "marginVertical": 5,
              "shadowColor": "#000",
              "shadowOffset": Object {
                "height": 2,
                "width": 0,
              },
              "shadowOpacity": 0.25,
              "shadowRadius": 3.84,
            },
            Object {
              "alignItems": "center",
              "justifyContent": "center",
            },
          ]
        }
      >
        <Text
          style={
            Object {
              "color": "black",
              "fontSize": 20,
            }
          }
        >
          Family
        </Text>
      </View>
    </View>
    <View
      accessible={true}
      focusable={true}
      onClick={[Function]}
      onResponderGrant={[Function]}
      onResponderMove={[Function]}
      onResponderRelease={[Function]}
      onResponderTerminate={[Function]}
      onResponderTerminationRequest={[Function]}
      onStartShouldSetResponder={[Function]}
      style={
        Object {
          "height": "20%",
          "opacity": 1,
          "padding": 10,
          "width": "50%",
        }
      }
      testID="WORK_BUTTON"
    >
      <View
        style={
          Array [
            Object {
              "backgroundColor": "white",
              "borderRadius": 10,
              "flex": 1,
            },
            Object {
              "elevation": 5,
              "marginVertical": 5,
              "shadowColor": "#000",
              "shadowOffset": Object {
                "height": 2,
                "width": 0,
              },
              "shadowOpacity": 0.25,
              "shadowRadius": 3.84,
            },
            Object {
              "alignItems": "center",
              "justifyContent": "center",
            },
          ]
        }
      >
        <Text
          style={
            Object {
              "color": "black",
              "fontSize": 20,
            }
          }
        >
          Work
        </Text>
      </View>
    </View>
    <View
      accessible={true}
      focusable={true}
      onClick={[Function]}
      onResponderGrant={[Function]}
      onResponderMove={[Function]}
      onResponderRelease={[Function]}
      onResponderTerminate={[Function]}
      onResponderTerminationRequest={[Function]}
      onStartShouldSetResponder={[Function]}
      style={
        Object {
          "height": "20%",
          "opacity": 1,
          "padding": 10,
          "width": "50%",
        }
      }
      testID="RELATIONSHIP_BUTTON"
    >
      <View
        style={
          Array [
            Object {
              "backgroundColor": "white",
              "borderRadius": 10,
              "flex": 1,
            },
            Object {
              "elevation": 5,
              "marginVertical": 5,
              "shadowColor": "#000",
              "shadowOffset": Object {
                "height": 2,
                "width": 0,
              },
              "shadowOpacity": 0.25,
              "shadowRadius": 3.84,
            },
            Object {
              "alignItems": "center",
              "justifyContent": "center",
            },
          ]
        }
      >
        <Text
          style={
            Object {
              "color": "black",
              "fontSize": 20,
            }
          }
        >
          Relationship
        </Text>
      </View>
    </View>
  </View>
</View>
`;
