// Jest Snapshot v1, https://goo.gl/fbAQLP

exports[`Testing ScheduleListScreen.js ScheduleListScreen snapshot test 1`] = `
<View
  style={
    Array [
      Object {
        "bottom": 0,
        "left": 0,
        "position": "absolute",
        "right": 0,
        "top": 0,
      },
      Object {
        "alignItems": "center",
        "justifyContent": "center",
      },
    ]
  }
>
  <ActivityIndicator
    animating={true}
    color="#9E9E9E"
    hidesWhenStopped={true}
    size="large"
  />
</View>
`;
