// Jest Snapshot v1, https://goo.gl/fbAQLP

exports[`Testing ForgotPasswordScreen.js ForgotPasswordScreen renders correctly 1`] = `
<View
  style={
    Array [
      Object {
        "backgroundColor": "white",
        "display": "flex",
        "flex": 1,
        "padding": 35,
      },
      Object {
        "alignItems": "center",
        "justifyContent": "center",
      },
    ]
  }
>
  <TextInput
    allowFontScaling={true}
    onChangeText={[Function]}
    placeholder="Email"
    rejectResponderTermination={true}
    style={
      Object {
        "alignSelf": "center",
        "borderBottomWidth": 1,
        "borderColor": "#ccc",
        "marginBottom": 15,
        "marginTop": 15,
        "paddingBottom": 20,
        "width": "100%",
      }
    }
    testID="TEST_ID_EMAIL_INPUT"
    underlineColorAndroid="transparent"
    value=""
  />
  <View
    accessible={true}
    focusable={true}
    onClick={[Function]}
    onResponderGrant={[Function]}
    onResponderMove={[Function]}
    onResponderRelease={[Function]}
    onResponderTerminate={[Function]}
    onResponderTerminationRequest={[Function]}
    onStartShouldSetResponder={[Function]}
    style={
      Object {
        "alignSelf": "center",
        "backgroundColor": "#ffa351ff",
        "borderRadius": 50,
        "marginTop": 10,
        "opacity": 1,
        "paddingBottom": 15,
        "paddingTop": 15,
        "width": 300,
      }
    }
    testID="TEST_ID_FORGOT_BUTTON"
  >
    <Text
      style={
        Object {
          "color": "white",
          "fontSize": 15,
          "textAlign": "center",
        }
      }
    >
      SUBMIT
    </Text>
  </View>
  <Text
    onPress={[Function]}
    style={
      Object {
        "color": "#ffa351ff",
        "marginTop": 25,
        "textAlign": "center",
      }
    }
  >
    Back to Login
  </Text>
  <Text
    style={
      Object {
        "color": "red",
        "flexWrap": "wrap",
        "fontSize": 15,
        "textAlign": "center",
      }
    }
    testID="TEST_ID_MESSAGE"
  >
    
  </Text>
</View>
`;
